SCAFFOLD PACKAGING CHECK ONLY
Command: /opt/pyvenv/bin/python tools/release_gate.py --tier software
Expected exit: 1
Actual exit: 1
UTC: 2026-09-05T06:35:09.412093+00:00

STDOUT
{
  "scope": "EVIDENCE_COMPLETENESS_AND_INTEGRITY_ONLY",
  "tier": "software",
  "status": "FAIL",
  "required": 76,
  "verified_records": 0,
  "problems": [
    "Release candidate has not been built and marked READY_FOR_VERIFICATION",
    "Release candidate build_ref missing",
    "Release candidate content hash missing",
    "SCOPE-001: missing evidence",
    "ENV-001: missing evidence",
    "ENV-002: missing evidence",
    "CORE-001: missing evidence",
    "CORE-002: missing evidence",
    "CORE-003: missing evidence",
    "CORE-004: missing evidence",
    "CORE-005: missing evidence",
    "INPUT-001: missing evidence",
    "INPUT-002: missing evidence",
    "INPUT-003: missing evidence",
    "INPUT-004: missing evidence",
    "MOVE-001: missing evidence",
    "MOVE-002: missing evidence",
    "MOVE-003: missing evidence",
    "COMBAT-001: missing evidence",
    "COMBAT-002: missing evidence",
    "COMBAT-003: missing evidence",
    "COMBAT-004: missing evidence",
    "COMBAT-005: missing evidence",
    "COMBAT-006: missing evidence",
    "COMBAT-007: missing evidence",
    "COMBAT-008: missing evidence",
    "PARRY-001: missing evidence",
    "PARRY-002: missing evidence",
    "PARRY-003: missing evidence",
    "PARRY-004: missing evidence",
    "FEEL-001: missing evidence",
    "ECO-001: missing evidence",
    "ECO-002: missing evidence",
    "ECO-003: missing evidence",
    "ECO-004: missing evidence",
    "ECO-005: missing evidence",
    "ECO-006: missing evidence",
    "SHOP-001: missing evidence",
    "SHOP-002: missing evidence",
    "MATCH-001: missing evidence",
    "MATCH-002: missing evidence",
    "MATCH-003: missing evidence",
    "MATCH-004: missing evidence",
    "CONTENT-001: missing evidence",
    "CONTENT-002: missing evidence",
    "CONTENT-003: missing evidence",
    "ART-001: missing evidence",
    "AUDIO-001: missing evidence",
    "BOT-001: missing evidence",
    "TRAIN-001: missing evidence",
    "TRAIN-002: missing evidence",
    "REPLAY-001: missing evidence",
    "REPLAY-002: missing evidence",
    "REPLAY-003: missing evidence",
    "NET-001: missing evidence",
    "NET-002: missing evidence",
    "NET-003: missing evidence",
    "NET-004: missing evidence",
    "NET-005: missing evidence",
    "NET-006: missing evidence",
    "NET-007: missing evidence",
    "UI-001: missing evidence",
    "UI-002: missing evidence",
    "UI-003: missing evidence",
    "UI-004: missing evidence",
    "UI-005: missing evidence",
    "BAL-001: missing evidence",
    "BAL-002: missing evidence",
    "BAL-003: missing evidence",
    "BAL-004: missing evidence",
    "QA-001: missing evidence",
    "QA-002: missing evidence",
    "QA-003: missing evidence",
    "QA-004: missing evidence",
    "QA-005: missing evidence",
    "BUILD-001: missing evidence",
    "BUILD-002: missing evidence",
    "FINAL-001: missing evidence",
    "FINAL-002: missing evidence"
  ],
  "truth_review": "Reproduce commands and inspect actual gameplay; file/hash validation alone cannot establish truth or feel."
}

STDERR
