SCAFFOLD PACKAGING CHECK ONLY
Command: /opt/pyvenv/bin/python tools/release_gate.py --tier human
Expected exit: 1
Actual exit: 1
UTC: 2026-09-05T06:35:10.538093+00:00

STDOUT
{
  "scope": "EVIDENCE_COMPLETENESS_AND_INTEGRITY_ONLY",
  "tier": "human",
  "status": "FAIL",
  "required": 1,
  "verified_records": 0,
  "problems": [
    "Release candidate has not been built and marked READY_FOR_VERIFICATION",
    "Release candidate build_ref missing",
    "Release candidate content hash missing",
    "HUMAN-001: missing evidence"
  ],
  "truth_review": "Reproduce commands and inspect actual gameplay; file/hash validation alone cannot establish truth or feel."
}

STDERR
